127.0.0.1 - - [04/Jan/2024:09:33:19 +0530] "GET / HTTP/1.1" 404 752
0:0:0:0:0:0:0:1 - - [04/Jan/2024:09:33:19 +0530] "GET /BookStore/index.html HTTP/1.1" 200 382
0:0:0:0:0:0:0:1 - - [04/Jan/2024:09:33:34 +0530] "GET /BookStore/book1?b_id=2&b_name=ff&b_price=77 HTTP/1.1" 200 22
127.0.0.1 - - [04/Jan/2024:09:40:46 +0530] "GET / HTTP/1.1" 404 752
0:0:0:0:0:0:0:1 - - [04/Jan/2024:09:40:46 +0530] "GET /BookStore/ HTTP/1.1" 200 382
0:0:0:0:0:0:0:1 - - [04/Jan/2024:09:41:06 +0530] "GET /BookStore/book1?b_id=32&b_name=fs&b_price=4322 HTTP/1.1" 200 22
127.0.0.1 - - [04/Jan/2024:09:45:37 +0530] "GET / HTTP/1.1" 404 752
0:0:0:0:0:0:0:1 - - [04/Jan/2024:09:45:51 +0530] "GET /BookStore/book1?b_id=47&b_name=gjjkk&b_price=758 HTTP/1.1" 404 771
127.0.0.1 - - [04/Jan/2024:09:48:18 +0530] "GET / HTTP/1.1" 404 752
0:0:0:0:0:0:0:1 - - [04/Jan/2024:09:48:28 +0530] "GET /BookStore/book1?b_id=54&b_name=hgd&b_price=452 HTTP/1.1" 404 771
127.0.0.1 - - [04/Jan/2024:09:53:00 +0530] "GET / HTTP/1.1" 404 752
0:0:0:0:0:0:0:1 - - [04/Jan/2024:09:53:00 +0530] "GET /DisplayServlet12/input.html HTTP/1.1" 200 397
0:0:0:0:0:0:0:1 - - [04/Jan/2024:09:53:05 +0530] "POST /DisplayServlet12/xyz HTTP/1.1" 404 776
0:0:0:0:0:0:0:1 - - [04/Jan/2024:09:53:15 +0530] "POST /DisplayServlet12/xyz HTTP/1.1" 404 776
0:0:0:0:0:0:0:1 - - [04/Jan/2024:09:54:36 +0530] "GET /BookStore/book1?b_id=11&b_name=ss&b_price=123 HTTP/1.1" 404 771
127.0.0.1 - - [04/Jan/2024:09:59:10 +0530] "GET / HTTP/1.1" 404 752
0:0:0:0:0:0:0:1 - - [04/Jan/2024:09:59:20 +0530] "GET /BookStore/book1?b_id=44&b_name=dd&b_price=222 HTTP/1.1" 404 771
127.0.0.1 - - [04/Jan/2024:10:00:57 +0530] "GET / HTTP/1.1" 404 752
0:0:0:0:0:0:0:1 - - [04/Jan/2024:10:01:06 +0530] "GET /BookStore/book1?b_id=6&b_name=jjj&b_price=77 HTTP/1.1" 404 771
127.0.0.1 - - [04/Jan/2024:10:05:15 +0530] "GET / HTTP/1.1" 404 752
0:0:0:0:0:0:0:1 - - [04/Jan/2024:10:05:28 +0530] "GET /BookStore/book1?b_id=1&b_name=aa&b_price=22 HTTP/1.1" 404 771
127.0.0.1 - - [04/Jan/2024:10:06:41 +0530] "GET / HTTP/1.1" 404 752
0:0:0:0:0:0:0:1 - - [04/Jan/2024:10:06:50 +0530] "GET /BookStore/book1?b_id=3&b_name=se&b_price=34 HTTP/1.1" 200 22
127.0.0.1 - - [04/Jan/2024:10:14:17 +0530] "GET / HTTP/1.1" 404 752
0:0:0:0:0:0:0:1 - - [04/Jan/2024:10:14:35 +0530] "GET /BookStore/book1?b_id=99&b_name=kjh&b_price=99 HTTP/1.1" 200 22
0:0:0:0:0:0:0:1 - - [04/Jan/2024:10:15:23 +0530] "GET /BookStore/book1?b_id=55&b_name=dfg&b_price=345 HTTP/1.1" 200 22
127.0.0.1 - - [04/Jan/2024:10:19:08 +0530] "GET / HTTP/1.1" 404 752
0:0:0:0:0:0:0:1 - - [04/Jan/2024:10:19:19 +0530] "GET /BookStore/book1?b_id=1&b_name=as&b_price=124 HTTP/1.1" 200 22
0:0:0:0:0:0:0:1 - - [04/Jan/2024:10:22:17 +0530] "GET /favicon.ico HTTP/1.1" 404 763
0:0:0:0:0:0:0:1 - - [04/Jan/2024:10:22:34 +0530] "GET /BookStore/book1?b_id=1&b_name=java&b_price=500 HTTP/1.1" 200 22
0:0:0:0:0:0:0:1 - - [04/Jan/2024:10:23:09 +0530] "GET /BookStore/book1?b_id=2&b_name=adv.java&b_price=500 HTTP/1.1" 200 22
0:0:0:0:0:0:0:1 - - [04/Jan/2024:10:23:30 +0530] "GET /BookStore/book1?b_id=3&b_name=springboot&b_price=250 HTTP/1.1" 200 22
0:0:0:0:0:0:0:1 - - [04/Jan/2024:10:23:48 +0530] "GET /BookStore/book1?b_id=4&b_name=oracle&b_price=300 HTTP/1.1" 200 22
0:0:0:0:0:0:0:1 - - [04/Jan/2024:10:26:03 +0530] "POST /DisplayServlet12/xyz HTTP/1.1" 404 776
127.0.0.1 - - [04/Jan/2024:10:32:46 +0530] "GET / HTTP/1.1" 404 752
0:0:0:0:0:0:0:1 - - [04/Jan/2024:10:32:50 +0530] "POST /DisplayServlet12/xyz HTTP/1.1" 404 776
127.0.0.1 - - [04/Jan/2024:10:34:13 +0530] "GET / HTTP/1.1" 404 752
0:0:0:0:0:0:0:1 - - [04/Jan/2024:10:34:13 +0530] "GET /DisplayServlet12/xyz HTTP/1.1" 404 776
0:0:0:0:0:0:0:1 - - [04/Jan/2024:10:35:30 +0530] "POST /DisplayServlet12/xyz HTTP/1.1" 404 776
127.0.0.1 - - [04/Jan/2024:10:46:31 +0530] "GET / HTTP/1.1" 404 752
0:0:0:0:0:0:0:1 - - [04/Jan/2024:10:46:35 +0530] "POST /DisplayServlet12/xyz HTTP/1.1" 404 776
127.0.0.1 - - [04/Jan/2024:10:59:59 +0530] "GET / HTTP/1.1" 404 752
0:0:0:0:0:0:0:1 - - [04/Jan/2024:10:59:59 +0530] "GET /mrngPractisePrograms/fs HTTP/1.1" 200 32
127.0.0.1 - - [04/Jan/2024:11:06:07 +0530] "GET / HTTP/1.1" 404 752
0:0:0:0:0:0:0:1 - - [04/Jan/2024:11:06:07 +0530] "GET /DisplayServlet12/WEB-INF/lib/web.xml HTTP/1.1" 404 683
127.0.0.1 - - [04/Jan/2024:11:07:00 +0530] "GET / HTTP/1.1" 404 752
0:0:0:0:0:0:0:1 - - [04/Jan/2024:11:07:00 +0530] "GET /DisplayServlet12/servlet/test.DisplayServlet HTTP/1.1" 404 804
127.0.0.1 - - [04/Jan/2024:11:09:40 +0530] "GET / HTTP/1.1" 404 752
0:0:0:0:0:0:0:1 - - [04/Jan/2024:11:09:40 +0530] "GET /DisplayServlet12/servlet/test.DisplayServlet HTTP/1.1" 404 804
0:0:0:0:0:0:0:1 - - [04/Jan/2024:11:09:56 +0530] "GET /DisplayServlet12/test.DisplayServlet HTTP/1.1" 404 792
0:0:0:0:0:0:0:1 - - [04/Jan/2024:11:10:06 +0530] "GET /DisplayServlet12/test.DisplayServlet/abc HTTP/1.1" 404 800
127.0.0.1 - - [04/Jan/2024:11:10:46 +0530] "GET / HTTP/1.1" 404 752
0:0:0:0:0:0:0:1 - - [04/Jan/2024:11:10:46 +0530] "GET /DisplayServlet12/WEB-INF/lib/web.xml HTTP/1.1" 404 683
127.0.0.1 - - [04/Jan/2024:15:37:47 +0530] "GET / HTTP/1.1" 404 752
0:0:0:0:0:0:0:1 - - [04/Jan/2024:15:37:48 +0530] "GET /youtubeprograms/index.html HTTP/1.1" 200 300
0:0:0:0:0:0:0:1 - - [04/Jan/2024:15:37:48 +0530] "GET /favicon.ico HTTP/1.1" 404 763
127.0.0.1 - - [04/Jan/2024:16:03:29 +0530] "GET / HTTP/1.1" 404 752
0:0:0:0:0:0:0:1 - - [04/Jan/2024:16:03:29 +0530] "GET /LogInProject/index.html HTTP/1.1" 200 340
0:0:0:0:0:0:0:1 - - [04/Jan/2024:16:17:10 +0530] "GET /LogInProject/index.html HTTP/1.1" 200 398
0:0:0:0:0:0:0:1 - - [04/Jan/2024:16:21:07 +0530] "GET /LogInProject/index.html HTTP/1.1" 200 494
0:0:0:0:0:0:0:1 - - [04/Jan/2024:16:22:42 +0530] "GET /LogInProject/index.html HTTP/1.1" 200 514
0:0:0:0:0:0:0:1 - - [04/Jan/2024:16:26:25 +0530] "GET /LogInProject/index.html HTTP/1.1" 200 510
0:0:0:0:0:0:0:1 - - [04/Jan/2024:16:26:32 +0530] "GET /LogInProject/index.html HTTP/1.1" 304 -
0:0:0:0:0:0:0:1 - - [04/Jan/2024:16:26:34 +0530] "GET /LogInProject/index.html HTTP/1.1" 304 -
0:0:0:0:0:0:0:1 - - [04/Jan/2024:16:26:49 +0530] "GET /LogInProject/index.html HTTP/1.1" 304 -
0:0:0:0:0:0:0:1 - - [04/Jan/2024:16:28:46 +0530] "GET /LogInProject/index.html HTTP/1.1" 200 758
0:0:0:0:0:0:0:1 - - [04/Jan/2024:16:28:49 +0530] "GET /LogInProject/index.html HTTP/1.1" 304 -
0:0:0:0:0:0:0:1 - - [04/Jan/2024:16:28:51 +0530] "GET /LogInProject/index.html HTTP/1.1" 304 -
0:0:0:0:0:0:0:1 - - [04/Jan/2024:16:31:01 +0530] "GET /LogInProject/index.html HTTP/1.1" 200 381
0:0:0:0:0:0:0:1 - - [04/Jan/2024:16:31:04 +0530] "GET /LogInProject/index.html HTTP/1.1" 304 -
0:0:0:0:0:0:0:1 - - [04/Jan/2024:16:31:05 +0530] "GET /LogInProject/index.html HTTP/1.1" 304 -
0:0:0:0:0:0:0:1 - - [04/Jan/2024:16:31:43 +0530] "GET /LogInProject/index.html HTTP/1.1" 200 384
0:0:0:0:0:0:0:1 - - [04/Jan/2024:16:31:45 +0530] "GET /LogInProject/index.html HTTP/1.1" 304 -
0:0:0:0:0:0:0:1 - - [04/Jan/2024:16:36:25 +0530] "GET /LogInProject/index.html HTTP/1.1" 200 508
0:0:0:0:0:0:0:1 - - [04/Jan/2024:16:36:28 +0530] "GET /LogInProject/index.html HTTP/1.1" 304 -
127.0.0.1 - - [04/Jan/2024:17:24:50 +0530] "GET / HTTP/1.1" 404 752
0:0:0:0:0:0:0:1 - - [04/Jan/2024:17:24:50 +0530] "GET /LogInProject/index.html HTTP/1.1" 304 -
0:0:0:0:0:0:0:1 - - [04/Jan/2024:17:29:21 +0530] "GET /LogInProject/WEB-INF/web.xml HTTP/1.1" 404 683
0:0:0:0:0:0:0:1 - - [04/Jan/2024:17:29:51 +0530] "GET /LogInProject/index.html HTTP/1.1" 200 522
0:0:0:0:0:0:0:1 - - [04/Jan/2024:17:30:15 +0530] "GET /LogInProject/index.html HTTP/1.1" 304 -
0:0:0:0:0:0:0:1 - - [04/Jan/2024:17:31:03 +0530] "GET /LogInProject/index.html HTTP/1.1" 200 479
127.0.0.1 - - [04/Jan/2024:17:32:52 +0530] "GET / HTTP/1.1" 404 752
0:0:0:0:0:0:0:1 - - [04/Jan/2024:17:32:52 +0530] "GET /LogInProject/index.html HTTP/1.1" 200 475
127.0.0.1 - - [04/Jan/2024:17:39:26 +0530] "GET / HTTP/1.1" 404 752
0:0:0:0:0:0:0:1 - - [04/Jan/2024:17:39:26 +0530] "GET /LogInProject/index.html HTTP/1.1" 304 -
0:0:0:0:0:0:0:1 - - [04/Jan/2024:17:40:38 +0530] "GET /LogInProject/index.html HTTP/1.1" 200 477
0:0:0:0:0:0:0:1 - - [04/Jan/2024:17:41:01 +0530] "POST /LogInProject/user HTTP/1.1" 404 773
127.0.0.1 - - [04/Jan/2024:17:46:45 +0530] "GET / HTTP/1.1" 404 752
0:0:0:0:0:0:0:1 - - [04/Jan/2024:17:46:45 +0530] "GET /LogInProject/index.html HTTP/1.1" 200 481
0:0:0:0:0:0:0:1 - - [04/Jan/2024:17:47:01 +0530] "POST /LogInProject/Register HTTP/1.1" 200 24
127.0.0.1 - - [04/Jan/2024:18:34:58 +0530] "GET / HTTP/1.1" 404 752
0:0:0:0:0:0:0:1 - - [04/Jan/2024:18:34:58 +0530] "GET /LogInProject/index.html HTTP/1.1" 200 710
0:0:0:0:0:0:0:1 - - [04/Jan/2024:18:35:04 +0530] "GET /LogInProject/Register?name=java&pwd=12 HTTP/1.1" 500 1160
127.0.0.1 - - [04/Jan/2024:18:38:51 +0530] "GET / HTTP/1.1" 404 752
0:0:0:0:0:0:0:1 - - [04/Jan/2024:18:38:51 +0530] "GET /LogInProject/index.html HTTP/1.1" 304 -
0:0:0:0:0:0:0:1 - - [04/Jan/2024:18:39:01 +0530] "POST /LogInProject/Register HTTP/1.1" 200 24
0:0:0:0:0:0:0:1 - - [04/Jan/2024:18:43:12 +0530] "GET /LogInProject/index.html HTTP/1.1" 200 749
0:0:0:0:0:0:0:1 - - [04/Jan/2024:18:46:03 +0530] "GET /LogInProject/index.html HTTP/1.1" 200 874
0:0:0:0:0:0:0:1 - - [04/Jan/2024:18:50:00 +0530] "GET /LogInProject/index.html HTTP/1.1" 200 932
0:0:0:0:0:0:0:1 - - [04/Jan/2024:18:51:18 +0530] "GET /LogInProject/index.html HTTP/1.1" 200 889
0:0:0:0:0:0:0:1 - - [04/Jan/2024:18:52:09 +0530] "GET /LogInProject/index.html HTTP/1.1" 200 920
0:0:0:0:0:0:0:1 - - [04/Jan/2024:18:53:00 +0530] "GET /LogInProject/index.html HTTP/1.1" 200 965
0:0:0:0:0:0:0:1 - - [04/Jan/2024:18:53:09 +0530] "POST /LogInProject/Register HTTP/1.1" 200 24
0:0:0:0:0:0:0:1 - - [04/Jan/2024:18:53:51 +0530] "GET /LogInProject/index.html HTTP/1.1" 304 -
0:0:0:0:0:0:0:1 - - [04/Jan/2024:18:53:52 +0530] "GET /favicon.ico HTTP/1.1" 404 763
0:0:0:0:0:0:0:1 - - [04/Jan/2024:18:54:39 +0530] "GET /LogInProject/index.html HTTP/1.1" 200 966
0:0:0:0:0:0:0:1 - - [04/Jan/2024:18:55:12 +0530] "GET /LogInProject/index.html HTTP/1.1" 200 979
0:0:0:0:0:0:0:1 - - [04/Jan/2024:19:04:18 +0530] "GET /LogInProject/index.html HTTP/1.1" 304 -
127.0.0.1 - - [04/Jan/2024:19:29:03 +0530] "GET / HTTP/1.1" 404 752
0:0:0:0:0:0:0:1 - - [04/Jan/2024:19:29:04 +0530] "GET /LogInProject/index.html HTTP/1.1" 200 982
0:0:0:0:0:0:0:1 - - [04/Jan/2024:19:29:29 +0530] "GET /LogInProject/Register?email=a%40gmail.com&pwd=12 HTTP/1.1" 500 1160
0:0:0:0:0:0:0:1 - - [04/Jan/2024:19:31:23 +0530] "GET /LogInProject/Register HTTP/1.1" 500 1160
127.0.0.1 - - [04/Jan/2024:19:38:47 +0530] "GET / HTTP/1.1" 404 752
0:0:0:0:0:0:0:1 - - [04/Jan/2024:19:38:47 +0530] "GET /LogInProject/Register HTTP/1.1" 500 1160
127.0.0.1 - - [04/Jan/2024:19:42:04 +0530] "GET / HTTP/1.1" 404 752
0:0:0:0:0:0:0:1 - - [04/Jan/2024:19:42:04 +0530] "GET /LogInProject/index.html HTTP/1.1" 304 -
0:0:0:0:0:0:0:1 - - [04/Jan/2024:19:42:18 +0530] "GET /LogInProject/Register?email=a%40gmail.com&pwd=12 HTTP/1.1" 500 1160
0:0:0:0:0:0:0:1 - - [04/Jan/2024:19:43:39 +0530] "GET /LogInProject/Register?email=a%40gmail.com&pwd=12 HTTP/1.1" 500 1160
127.0.0.1 - - [04/Jan/2024:19:51:28 +0530] "GET / HTTP/1.1" 404 752
0:0:0:0:0:0:0:1 - - [04/Jan/2024:19:51:29 +0530] "GET /LogInProject/Register HTTP/1.1" 500 1160
127.0.0.1 - - [04/Jan/2024:20:50:06 +0530] "GET / HTTP/1.1" 404 752
0:0:0:0:0:0:0:1 - - [04/Jan/2024:20:50:07 +0530] "GET /LogInProject/Register HTTP/1.1" 500 1160
0:0:0:0:0:0:0:1 - - [04/Jan/2024:20:50:07 +0530] "GET /favicon.ico HTTP/1.1" 404 763
0:0:0:0:0:0:0:1 - - [04/Jan/2024:20:52:57 +0530] "GET /LogInProject/Register HTTP/1.1" 500 1160
0:0:0:0:0:0:0:1 - - [04/Jan/2024:20:54:08 +0530] "GET /LogInProject/index.html HTTP/1.1" 304 -
0:0:0:0:0:0:0:1 - - [04/Jan/2024:20:54:28 +0530] "POST /LogInProject/Register HTTP/1.1" 200 24
127.0.0.1 - - [04/Jan/2024:21:21:18 +0530] "GET / HTTP/1.1" 404 752
0:0:0:0:0:0:0:1 - - [04/Jan/2024:21:21:19 +0530] "GET /LogInProject/index.html HTTP/1.1" 304 -
127.0.0.1 - - [04/Jan/2024:21:22:44 +0530] "GET / HTTP/1.1" 404 752
0:0:0:0:0:0:0:1 - - [04/Jan/2024:21:22:58 +0530] "GET /LogInProject/Register?email=a%40gmail.com&pwd=12 HTTP/1.1" 200 42
127.0.0.1 - - [04/Jan/2024:21:25:38 +0530] "GET / HTTP/1.1" 404 752
0:0:0:0:0:0:0:1 - - [04/Jan/2024:21:25:48 +0530] "GET /LogInProject/Register?email=a%40gmail.com&pwd=12 HTTP/1.1" 200 36
127.0.0.1 - - [04/Jan/2024:21:26:55 +0530] "GET / HTTP/1.1" 404 752
0:0:0:0:0:0:0:1 - - [04/Jan/2024:21:26:55 +0530] "GET /LogInProject/Register HTTP/1.1" 500 1160
0:0:0:0:0:0:0:1 - - [04/Jan/2024:21:27:28 +0530] "GET /LogInProject/Register?email=a%40gmail.com&pwd=12 HTTP/1.1" 200 36
127.0.0.1 - - [04/Jan/2024:21:32:14 +0530] "GET / HTTP/1.1" 404 752
0:0:0:0:0:0:0:1 - - [04/Jan/2024:21:32:24 +0530] "GET /LogInProject/Register?email=a%40gmail.com&pwd=12 HTTP/1.1" 200 12
127.0.0.1 - - [04/Jan/2024:21:39:26 +0530] "GET / HTTP/1.1" 404 752
0:0:0:0:0:0:0:1 - - [04/Jan/2024:21:39:26 +0530] "GET /LogInProject/index.html HTTP/1.1" 304 -
0:0:0:0:0:0:0:1 - - [04/Jan/2024:21:39:42 +0530] "GET /LogInProject/Register?email=hh%40gmail.com&pwd=12 HTTP/1.1" 200 -
